// Jest Snapshot v1, https://goo.gl/fbAQLP

exports[`Header component Header snapshot 1`] = `
Object {
  "asFragment": [Function],
  "baseElement": <body
    data-theme="undefined"
  >
    <div>
      <header
        class="sc-dkrFOg kfwkcy"
      >
        <div
          class="sc-bcXHqe cQxGuT"
        >
          <div
            class="sc-hLBbgP eiRunD"
          >
            <a
              class="sc-eDvSVe kMSkcy"
              href="/countries_wiki"
            >
              Where is the world?
            </a>
            <div
              class="sc-gswNZR fDqBWa"
              data-testid="theme-switcher"
            >
              <svg
                fill="currentColor"
                height="14px"
                stroke="currentColor"
                stroke-width="0"
                viewBox="0 0 512 512"
                width="14px"
                xmlns="http://www.w3.org/2000/svg"
              >
                <path
                  d="M264 480A232 232 0 0132 248c0-94 54-178.28 137.61-214.67a16 16 0 0121.06 21.06C181.07 76.43 176 104.66 176 136c0 110.28 89.72 200 200 200 31.34 0 59.57-5.07 81.61-14.67a16 16 0 0121.06 21.06C442.28 426 358 480 264 480z"
                />
              </svg>
               
              <span
                style="margin-left: 0.75rem;"
              >
                 Theme
              </span>
            </div>
          </div>
        </div>
      </header>
    </div>
  </body>,
  "container": <div>
    <header
      class="sc-dkrFOg kfwkcy"
    >
      <div
        class="sc-bcXHqe cQxGuT"
      >
        <div
          class="sc-hLBbgP eiRunD"
        >
          <a
            class="sc-eDvSVe kMSkcy"
            href="/countries_wiki"
          >
            Where is the world?
          </a>
          <div
            class="sc-gswNZR fDqBWa"
            data-testid="theme-switcher"
          >
            <svg
              fill="currentColor"
              height="14px"
              stroke="currentColor"
              stroke-width="0"
              viewBox="0 0 512 512"
              width="14px"
              xmlns="http://www.w3.org/2000/svg"
            >
              <path
                d="M264 480A232 232 0 0132 248c0-94 54-178.28 137.61-214.67a16 16 0 0121.06 21.06C181.07 76.43 176 104.66 176 136c0 110.28 89.72 200 200 200 31.34 0 59.57-5.07 81.61-14.67a16 16 0 0121.06 21.06C442.28 426 358 480 264 480z"
              />
            </svg>
             
            <span
              style="margin-left: 0.75rem;"
            >
               Theme
            </span>
          </div>
        </div>
      </div>
    </header>
  </div>,
  "debug": [Function],
  "findAllByAltText": [Function],
  "findAllByDisplayValue": [Function],
  "findAllByLabelText": [Function],
  "findAllByPlaceholderText": [Function],
  "findAllByRole": [Function],
  "findAllByTestId": [Function],
  "findAllByText": [Function],
  "findAllByTitle": [Function],
  "findByAltText": [Function],
  "findByDisplayValue": [Function],
  "findByLabelText": [Function],
  "findByPlaceholderText": [Function],
  "findByRole": [Function],
  "findByTestId": [Function],
  "findByText": [Function],
  "findByTitle": [Function],
  "getAllByAltText": [Function],
  "getAllByDisplayValue": [Function],
  "getAllByLabelText": [Function],
  "getAllByPlaceholderText": [Function],
  "getAllByRole": [Function],
  "getAllByTestId": [Function],
  "getAllByText": [Function],
  "getAllByTitle": [Function],
  "getByAltText": [Function],
  "getByDisplayValue": [Function],
  "getByLabelText": [Function],
  "getByPlaceholderText": [Function],
  "getByRole": [Function],
  "getByTestId": [Function],
  "getByText": [Function],
  "getByTitle": [Function],
  "queryAllByAltText": [Function],
  "queryAllByDisplayValue": [Function],
  "queryAllByLabelText": [Function],
  "queryAllByPlaceholderText": [Function],
  "queryAllByRole": [Function],
  "queryAllByTestId": [Function],
  "queryAllByText": [Function],
  "queryAllByTitle": [Function],
  "queryByAltText": [Function],
  "queryByDisplayValue": [Function],
  "queryByLabelText": [Function],
  "queryByPlaceholderText": [Function],
  "queryByRole": [Function],
  "queryByTestId": [Function],
  "queryByText": [Function],
  "queryByTitle": [Function],
  "rerender": [Function],
  "unmount": [Function],
}
`;
